
> react-kavia@0.1.0 start
> cross-env EDIT_MODE=true webpack serve --config .ve/webpack.config.js --mode development

<i> [webpack-dev-server] Project is running at:
<i> [webpack-dev-server] Loopback: http://localhost:3000/, http://[::1]:3000/
<i> [webpack-dev-server] On Your Network (IPv4): http://172.17.0.2:3000/
<i> [webpack-dev-server] Content not from webpack is served from './public' directory
Injecting EditorRootWrapper import: ../.ve/EditorRootWrapper
asset bundle.js 3.02 MiB [emitted] (name: main)
asset index.html 1.98 KiB [emitted]
runtime modules 27.5 KiB 14 modules
modules by path ./node_modules/ 2.69 MiB 46 modules
modules by path ./src/ 44.3 KiB
  modules by path ./src/*.js 31.4 KiB 8 modules
  modules by path ./src/*.css 13 KiB
    ./src/index.css 2.23 KiB [built] [code generated]
    + 3 modules
modules by path ./.ve/ 15.1 KiB
  modules by path ./.ve/*.js 10.6 KiB 2 modules
  modules by path ./.ve/*.css 2.93 KiB
    ./.ve/EditorOverlay.css 2.25 KiB [built] [code generated]
    ./node_modules/css-loader/dist/cjs.js!./.ve/EditorOverlay.css 697 bytes [built] [code generated]
  ./.ve/EditorOverlay.jsx 1.58 KiB [built] [code generated]
webpack 5.99.9 compiled successfully in 2363 ms
assets by status 1.98 KiB [cached] 1 asset
assets by path *.js 3.04 MiB
  asset bundle.js 3.02 MiB [emitted] (name: main)
  asset main.f8b677120e1ec6a3b9d8.hot-update.js 20.2 KiB [emitted] [immutable] [hmr] (name: main)
asset main.f8b677120e1ec6a3b9d8.hot-update.json 28 bytes [emitted] [immutable] [hmr]
Entrypoint main 3.04 MiB = bundle.js 3.02 MiB main.f8b677120e1ec6a3b9d8.hot-update.js 20.2 KiB
cached modules 2.74 MiB [cached] 62 modules
runtime modules 27.5 KiB 14 modules
./src/ArtFeed.js 15 KiB [built] [code generated]
webpack 5.99.9 compiled successfully in 201 ms
